------------------------------------------------------------
TimeQuest Timing Analyzer Summary
------------------------------------------------------------

Type  : Slow 1100mV 85C Model Setup 'clktick_16:OBJ1|tick'
Slack : -4.397
TNS   : -70.614

Type  : Slow 1100mV 85C Model Setup 'CLOCK_50'
Slack : -3.738
TNS   : -194.534

Type  : Slow 1100mV 85C Model Hold 'CLOCK_50'
Slack : 0.326
TNS   : 0.000

Type  : Slow 1100mV 85C Model Hold 'clktick_16:OBJ1|tick'
Slack : 0.718
TNS   : 0.000

Type  : Slow 1100mV 85C Model Minimum Pulse Width 'clktick_16:OBJ1|tick'
Slack : -2.174
TNS   : -74.234

Type  : Slow 1100mV 85C Model Minimum Pulse Width 'CLOCK_50'
Slack : -0.648
TNS   : -78.698

Type  : Slow 1100mV 0C Model Setup 'clktick_16:OBJ1|tick'
Slack : -4.664
TNS   : -71.752

Type  : Slow 1100mV 0C Model Setup 'CLOCK_50'
Slack : -3.428
TNS   : -185.223

Type  : Slow 1100mV 0C Model Hold 'CLOCK_50'
Slack : 0.140
TNS   : 0.000

Type  : Slow 1100mV 0C Model Hold 'clktick_16:OBJ1|tick'
Slack : 0.719
TNS   : 0.000

Type  : Slow 1100mV 0C Model Minimum Pulse Width 'clktick_16:OBJ1|tick'
Slack : -2.174
TNS   : -74.109

Type  : Slow 1100mV 0C Model Minimum Pulse Width 'CLOCK_50'
Slack : -0.694
TNS   : -71.884

Type  : Fast 1100mV 85C Model Setup 'CLOCK_50'
Slack : -3.044
TNS   : -98.609

Type  : Fast 1100mV 85C Model Setup 'clktick_16:OBJ1|tick'
Slack : -1.954
TNS   : -30.690

Type  : Fast 1100mV 85C Model Hold 'CLOCK_50'
Slack : 0.154
TNS   : 0.000

Type  : Fast 1100mV 85C Model Hold 'clktick_16:OBJ1|tick'
Slack : 0.344
TNS   : 0.000

Type  : Fast 1100mV 85C Model Minimum Pulse Width 'clktick_16:OBJ1|tick'
Slack : -2.174
TNS   : -68.520

Type  : Fast 1100mV 85C Model Minimum Pulse Width 'CLOCK_50'
Slack : -0.777
TNS   : -53.277

Type  : Fast 1100mV 0C Model Setup 'CLOCK_50'
Slack : -2.494
TNS   : -79.385

Type  : Fast 1100mV 0C Model Setup 'clktick_16:OBJ1|tick'
Slack : -1.918
TNS   : -28.462

Type  : Fast 1100mV 0C Model Hold 'CLOCK_50'
Slack : 0.066
TNS   : 0.000

Type  : Fast 1100mV 0C Model Hold 'clktick_16:OBJ1|tick'
Slack : 0.315
TNS   : 0.000

Type  : Fast 1100mV 0C Model Minimum Pulse Width 'clktick_16:OBJ1|tick'
Slack : -2.174
TNS   : -68.332

Type  : Fast 1100mV 0C Model Minimum Pulse Width 'CLOCK_50'
Slack : -0.821
TNS   : -63.847

------------------------------------------------------------
