------------------------------------------------------------
TimeQuest Timing Analyzer Summary
------------------------------------------------------------

Type  : Slow 1100mV 85C Model Setup 'CLOCK_50'
Slack : -3.387
TNS   : -138.395

Type  : Slow 1100mV 85C Model Setup 'clktick_16:OBJ1|tick'
Slack : -1.824
TNS   : -45.828

Type  : Slow 1100mV 85C Model Hold 'CLOCK_50'
Slack : 0.281
TNS   : 0.000

Type  : Slow 1100mV 85C Model Hold 'clktick_16:OBJ1|tick'
Slack : 0.614
TNS   : 0.000

Type  : Slow 1100mV 85C Model Minimum Pulse Width 'clktick_16:OBJ1|tick'
Slack : -2.174
TNS   : -73.038

Type  : Slow 1100mV 85C Model Minimum Pulse Width 'CLOCK_50'
Slack : -0.658
TNS   : -57.117

Type  : Slow 1100mV 0C Model Setup 'CLOCK_50'
Slack : -3.055
TNS   : -132.689

Type  : Slow 1100mV 0C Model Setup 'clktick_16:OBJ1|tick'
Slack : -1.939
TNS   : -45.456

Type  : Slow 1100mV 0C Model Hold 'CLOCK_50'
Slack : -0.088
TNS   : -0.516

Type  : Slow 1100mV 0C Model Hold 'clktick_16:OBJ1|tick'
Slack : 0.590
TNS   : 0.000

Type  : Slow 1100mV 0C Model Minimum Pulse Width 'clktick_16:OBJ1|tick'
Slack : -2.174
TNS   : -72.899

Type  : Slow 1100mV 0C Model Minimum Pulse Width 'CLOCK_50'
Slack : -0.690
TNS   : -52.145

Type  : Fast 1100mV 85C Model Setup 'CLOCK_50'
Slack : -2.819
TNS   : -70.791

Type  : Fast 1100mV 85C Model Setup 'clktick_16:OBJ1|tick'
Slack : -0.921
TNS   : -18.424

Type  : Fast 1100mV 85C Model Hold 'CLOCK_50'
Slack : 0.182
TNS   : 0.000

Type  : Fast 1100mV 85C Model Hold 'clktick_16:OBJ1|tick'
Slack : 0.278
TNS   : 0.000

Type  : Fast 1100mV 85C Model Minimum Pulse Width 'clktick_16:OBJ1|tick'
Slack : -2.174
TNS   : -67.948

Type  : Fast 1100mV 85C Model Minimum Pulse Width 'CLOCK_50'
Slack : -0.758
TNS   : -38.773

Type  : Fast 1100mV 0C Model Setup 'CLOCK_50'
Slack : -2.295
TNS   : -56.924

Type  : Fast 1100mV 0C Model Setup 'clktick_16:OBJ1|tick'
Slack : -0.727
TNS   : -15.966

Type  : Fast 1100mV 0C Model Hold 'CLOCK_50'
Slack : 0.129
TNS   : 0.000

Type  : Fast 1100mV 0C Model Hold 'clktick_16:OBJ1|tick'
Slack : 0.249
TNS   : 0.000

Type  : Fast 1100mV 0C Model Minimum Pulse Width 'clktick_16:OBJ1|tick'
Slack : -2.174
TNS   : -67.782

Type  : Fast 1100mV 0C Model Minimum Pulse Width 'CLOCK_50'
Slack : -0.787
TNS   : -46.054

------------------------------------------------------------
