Analysis & Synthesis report for ex9_top
Mon Nov 27 15:33:22 2017
Quartus Prime Version 16.0.0 Build 211 04/27/2016 SJ Standard Edition


---------------------
; Table of Contents ;
---------------------
  1. Legal Notice
  2. Analysis & Synthesis Summary
  3. Analysis & Synthesis Settings
  4. Parallel Compilation
  5. Analysis & Synthesis Source Files Read
  6. Analysis & Synthesis Resource Usage Summary
  7. Analysis & Synthesis Resource Utilization by Entity
  8. Analysis & Synthesis DSP Block Usage Summary
  9. State Machine - |ex9_top|ex9_fsm:FSM|state
 10. User-Specified and Inferred Latches
 11. General Register Statistics
 12. Inverted Register Statistics
 13. Multiplexer Restructuring Statistics (Restructuring Performed)
 14. Parameter Settings for User Entity Instance: clkdiv_16:DIV0
 15. Parameter Settings for User Entity Instance: clktick_16:TICK0
 16. Parameter Settings for User Entity Instance: ex9_fsm:FSM
 17. Parameter Settings for User Entity Instance: counter_16:comb_6
 18. Port Connectivity Checks: "bin2bcd_16:BIN2BCD|add3_ge5:A31"
 19. Port Connectivity Checks: "bin2bcd_16:BIN2BCD|add3_ge5:A19"
 20. Port Connectivity Checks: "bin2bcd_16:BIN2BCD|add3_ge5:A10"
 21. Port Connectivity Checks: "bin2bcd_16:BIN2BCD|add3_ge5:A4"
 22. Port Connectivity Checks: "bin2bcd_16:BIN2BCD|add3_ge5:A1"
 23. Port Connectivity Checks: "delay:D0"
 24. Port Connectivity Checks: "clktick_16:TICK0"
 25. Port Connectivity Checks: "clkdiv_16:DIV0"
 26. Post-Synthesis Netlist Statistics for Top Partition
 27. Elapsed Time Per Partition
 28. Analysis & Synthesis Messages
 29. Analysis & Synthesis Suppressed Messages



----------------
; Legal Notice ;
----------------
Copyright (C) 1991-2016 Altera Corporation. All rights reserved.
Your use of Altera Corporation's design tools, logic functions 
and other software and tools, and its AMPP partner logic 
functions, and any output files from any of the foregoing 
(including device programming or simulation files), and any 
associated documentation or information are expressly subject 
to the terms and conditions of the Altera Program License 
Subscription Agreement, the Altera Quartus Prime License Agreement,
the Altera MegaCore Function License Agreement, or other 
applicable license agreement, including, without limitation, 
that your use is for the sole purpose of programming logic 
devices manufactured by Altera and sold by Altera or its 
authorized distributors.  Please refer to the applicable 
agreement for further details.



+-----------------------------------------------------------------------------------+
; Analysis & Synthesis Summary                                                      ;
+---------------------------------+-------------------------------------------------+
; Analysis & Synthesis Status     ; Successful - Mon Nov 27 15:33:22 2017           ;
; Quartus Prime Version           ; 16.0.0 Build 211 04/27/2016 SJ Standard Edition ;
; Revision Name                   ; ex9_top                                         ;
; Top-level Entity Name           ; ex9_top                                         ;
; Family                          ; Cyclone V                                       ;
; Logic utilization (in ALMs)     ; N/A                                             ;
; Total registers                 ; 86                                              ;
; Total pins                      ; 50                                              ;
; Total virtual pins              ; 0                                               ;
; Total block memory bits         ; 0                                               ;
; Total DSP Blocks                ; 1                                               ;
; Total HSSI RX PCSs              ; 0                                               ;
; Total HSSI PMA RX Deserializers ; 0                                               ;
; Total HSSI TX PCSs              ; 0                                               ;
; Total HSSI PMA TX Serializers   ; 0                                               ;
; Total PLLs                      ; 0                                               ;
; Total DLLs                      ; 0                                               ;
+---------------------------------+-------------------------------------------------+


+---------------------------------------------------------------------------------------------------------------------------+
; Analysis & Synthesis Settings                                                                                             ;
+---------------------------------------------------------------------------------+--------------------+--------------------+
; Option                                                                          ; Setting            ; Default Value      ;
+---------------------------------------------------------------------------------+--------------------+--------------------+
; Device                                                                          ; 5CSEMA5F31C6       ;                    ;
; Top-level entity name                                                           ; ex9_top            ; ex9_top            ;
; Family name                                                                     ; Cyclone V          ; Cyclone V          ;
; Use smart compilation                                                           ; Off                ; Off                ;
; Enable parallel Assembler and TimeQuest Timing Analyzer during compilation      ; On                 ; On                 ;
; Enable compact report table                                                     ; Off                ; Off                ;
; Restructure Multiplexers                                                        ; Auto               ; Auto               ;
; MLAB Add Timing Constraints For Mixed-Port Feed-Through Mode Setting Don't Care ; Off                ; Off                ;
; Create Debugging Nodes for IP Cores                                             ; Off                ; Off                ;
; Preserve fewer node names                                                       ; On                 ; On                 ;
; Disable OpenCore Plus hardware evaluation                                       ; Off                ; Off                ;
; Verilog Version                                                                 ; Verilog_2001       ; Verilog_2001       ;
; VHDL Version                                                                    ; VHDL_1993          ; VHDL_1993          ;
; State Machine Processing                                                        ; Auto               ; Auto               ;
; Safe State Machine                                                              ; Off                ; Off                ;
; Extract Verilog State Machines                                                  ; On                 ; On                 ;
; Extract VHDL State Machines                                                     ; On                 ; On                 ;
; Ignore Verilog initial constructs                                               ; Off                ; Off                ;
; Iteration limit for constant Verilog loops                                      ; 5000               ; 5000               ;
; Iteration limit for non-constant Verilog loops                                  ; 250                ; 250                ;
; Add Pass-Through Logic to Inferred RAMs                                         ; On                 ; On                 ;
; Infer RAMs from Raw Logic                                                       ; On                 ; On                 ;
; Parallel Synthesis                                                              ; On                 ; On                 ;
; DSP Block Balancing                                                             ; Auto               ; Auto               ;
; NOT Gate Push-Back                                                              ; On                 ; On                 ;
; Power-Up Don't Care                                                             ; On                 ; On                 ;
; Remove Redundant Logic Cells                                                    ; Off                ; Off                ;
; Remove Duplicate Registers                                                      ; On                 ; On                 ;
; Ignore CARRY Buffers                                                            ; Off                ; Off                ;
; Ignore CASCADE Buffers                                                          ; Off                ; Off                ;
; Ignore GLOBAL Buffers                                                           ; Off                ; Off                ;
; Ignore ROW GLOBAL Buffers                                                       ; Off                ; Off                ;
; Ignore LCELL Buffers                                                            ; Off                ; Off                ;
; Ignore SOFT Buffers                                                             ; On                 ; On                 ;
; Limit AHDL Integers to 32 Bits                                                  ; Off                ; Off                ;
; Optimization Technique                                                          ; Balanced           ; Balanced           ;
; Carry Chain Length                                                              ; 70                 ; 70                 ;
; Auto Carry Chains                                                               ; On                 ; On                 ;
; Auto Open-Drain Pins                                                            ; On                 ; On                 ;
; Perform WYSIWYG Primitive Resynthesis                                           ; Off                ; Off                ;
; Auto ROM Replacement                                                            ; On                 ; On                 ;
; Auto RAM Replacement                                                            ; On                 ; On                 ;
; Auto DSP Block Replacement                                                      ; On                 ; On                 ;
; Auto Shift Register Replacement                                                 ; Auto               ; Auto               ;
; Allow Shift Register Merging across Hierarchies                                 ; Auto               ; Auto               ;
; Auto Clock Enable Replacement                                                   ; On                 ; On                 ;
; Strict RAM Replacement                                                          ; Off                ; Off                ;
; Allow Synchronous Control Signals                                               ; On                 ; On                 ;
; Force Use of Synchronous Clear Signals                                          ; Off                ; Off                ;
; Auto Resource Sharing                                                           ; Off                ; Off                ;
; Allow Any RAM Size For Recognition                                              ; Off                ; Off                ;
; Allow Any ROM Size For Recognition                                              ; Off                ; Off                ;
; Allow Any Shift Register Size For Recognition                                   ; Off                ; Off                ;
; Use LogicLock Constraints during Resource Balancing                             ; On                 ; On                 ;
; Ignore translate_off and synthesis_off directives                               ; Off                ; Off                ;
; Timing-Driven Synthesis                                                         ; On                 ; On                 ;
; Report Parameter Settings                                                       ; On                 ; On                 ;
; Report Source Assignments                                                       ; On                 ; On                 ;
; Report Connectivity Checks                                                      ; On                 ; On                 ;
; Ignore Maximum Fan-Out Assignments                                              ; Off                ; Off                ;
; Synchronization Register Chain Length                                           ; 3                  ; 3                  ;
; PowerPlay Power Optimization During Synthesis                                   ; Normal compilation ; Normal compilation ;
; HDL message level                                                               ; Level2             ; Level2             ;
; Suppress Register Optimization Related Messages                                 ; Off                ; Off                ;
; Number of Removed Registers Reported in Synthesis Report                        ; 5000               ; 5000               ;
; Number of Swept Nodes Reported in Synthesis Report                              ; 5000               ; 5000               ;
; Number of Inverted Registers Reported in Synthesis Report                       ; 100                ; 100                ;
; Clock MUX Protection                                                            ; On                 ; On                 ;
; Auto Gated Clock Conversion                                                     ; Off                ; Off                ;
; Block Design Naming                                                             ; Auto               ; Auto               ;
; SDC constraint protection                                                       ; Off                ; Off                ;
; Synthesis Effort                                                                ; Auto               ; Auto               ;
; Shift Register Replacement - Allow Asynchronous Clear Signal                    ; On                 ; On                 ;
; Pre-Mapping Resynthesis Optimization                                            ; Off                ; Off                ;
; Analysis & Synthesis Message Level                                              ; Medium             ; Medium             ;
; Disable Register Merging Across Hierarchies                                     ; Auto               ; Auto               ;
; Resource Aware Inference For Block RAM                                          ; On                 ; On                 ;
; Synthesis Seed                                                                  ; 1                  ; 1                  ;
; Automatic Parallel Synthesis                                                    ; On                 ; On                 ;
; Partial Reconfiguration Bitstream ID                                            ; Off                ; Off                ;
+---------------------------------------------------------------------------------+--------------------+--------------------+


+------------------------------------------+
; Parallel Compilation                     ;
+----------------------------+-------------+
; Processors                 ; Number      ;
+----------------------------+-------------+
; Number detected on machine ; 8           ;
; Maximum allowed            ; 4           ;
;                            ;             ;
; Average used               ; 1.00        ;
; Maximum used               ; 4           ;
;                            ;             ;
; Usage by Processor         ; % Time Used ;
;     Processor 1            ; 100.0%      ;
;     Processors 2-4         ;   0.0%      ;
+----------------------------+-------------+


+----------------------------------------------------------------------------------------------------------------------+
; Analysis & Synthesis Source Files Read                                                                               ;
+----------------------------------+-----------------+------------------------+------------------------------+---------+
; File Name with User-Entered Path ; Used in Netlist ; File Type              ; File Name with Absolute Path ; Library ;
+----------------------------------+-----------------+------------------------+------------------------------+---------+
; ../../mylib/LFSR_6.v             ; yes             ; User Verilog HDL File  ; H:/VERI/mylib/LFSR_6.v       ;         ;
; ../../mylib/hex_to_7seg.v        ; yes             ; User Verilog HDL File  ; H:/VERI/mylib/hex_to_7seg.v  ;         ;
; ../../mylib/counter_16.v         ; yes             ; User Verilog HDL File  ; H:/VERI/mylib/counter_16.v   ;         ;
; ../../mylib/clktick_16.v         ; yes             ; User Verilog HDL File  ; H:/VERI/mylib/clktick_16.v   ;         ;
; ../../mylib/clkdiv_16.v          ; yes             ; User Verilog HDL File  ; H:/VERI/mylib/clkdiv_16.v    ;         ;
; ../../mylib/bin2bcd_16.v         ; yes             ; User Verilog HDL File  ; H:/VERI/mylib/bin2bcd_16.v   ;         ;
; ../../mylib/add3_ge5.v           ; yes             ; User Verilog HDL File  ; H:/VERI/mylib/add3_ge5.v     ;         ;
; ex9_top.v                        ; yes             ; User Verilog HDL File  ; H:/VERI/PART2/ex9/ex9_top.v  ;         ;
; ex9_fsm.v                        ; yes             ; User Verilog HDL File  ; H:/VERI/PART2/ex9/ex9_fsm.v  ;         ;
; delay.v                          ; yes             ; User Verilog HDL File  ; H:/VERI/PART2/ex9/delay.v    ;         ;
+----------------------------------+-----------------+------------------------+------------------------------+---------+


+---------------------------------------------------------------------+
; Analysis & Synthesis Resource Usage Summary                         ;
+---------------------------------------------+-----------------------+
; Resource                                    ; Usage                 ;
+---------------------------------------------+-----------------------+
; Estimate of Logic utilization (ALMs needed) ; 146                   ;
;                                             ;                       ;
; Combinational ALUT usage for logic          ; 265                   ;
;     -- 7 input functions                    ; 0                     ;
;     -- 6 input functions                    ; 25                    ;
;     -- 5 input functions                    ; 11                    ;
;     -- 4 input functions                    ; 152                   ;
;     -- <=3 input functions                  ; 77                    ;
;                                             ;                       ;
; Dedicated logic registers                   ; 86                    ;
;                                             ;                       ;
; I/O pins                                    ; 50                    ;
;                                             ;                       ;
; Total DSP Blocks                            ; 1                     ;
;                                             ;                       ;
; Maximum fan-out node                        ; clkdiv_16:DIV0|clkout ;
; Maximum fan-out                             ; 70                    ;
; Total fan-out                               ; 1331                  ;
; Average fan-out                             ; 2.94                  ;
+---------------------------------------------+-----------------------+


+----------------------------------------------------------------------------------------------------------------------------------------------------------------------------------------------+
; Analysis & Synthesis Resource Utilization by Entity                                                                                                                                          ;
+----------------------------+-------------------+--------------+-------------------+------------+------+--------------+------------------------------------------+-------------+--------------+
; Compilation Hierarchy Node ; LC Combinationals ; LC Registers ; Block Memory Bits ; DSP Blocks ; Pins ; Virtual Pins ; Full Hierarchy Name                      ; Entity Name ; Library Name ;
+----------------------------+-------------------+--------------+-------------------+------------+------+--------------+------------------------------------------+-------------+--------------+
; |ex9_top                   ; 265 (0)           ; 86 (0)       ; 0                 ; 1          ; 50   ; 0            ; |ex9_top                                 ; ex9_top     ; work         ;
;    |LFSR_6:LFSR|           ; 2 (2)             ; 6 (6)        ; 0                 ; 0          ; 0    ; 0            ; |ex9_top|LFSR_6:LFSR                     ; LFSR_6      ; work         ;
;    |bin2bcd_16:BIN2BCD|    ; 124 (0)           ; 0 (0)        ; 0                 ; 0          ; 0    ; 0            ; |ex9_top|bin2bcd_16:BIN2BCD              ; bin2bcd_16  ; work         ;
;       |add3_ge5:A10|       ; 1 (1)             ; 0 (0)        ; 0                 ; 0          ; 0    ; 0            ; |ex9_top|bin2bcd_16:BIN2BCD|add3_ge5:A10 ; add3_ge5    ; work         ;
;       |add3_ge5:A11|       ; 4 (4)             ; 0 (0)        ; 0                 ; 0          ; 0    ; 0            ; |ex9_top|bin2bcd_16:BIN2BCD|add3_ge5:A11 ; add3_ge5    ; work         ;
;       |add3_ge5:A12|       ; 4 (4)             ; 0 (0)        ; 0                 ; 0          ; 0    ; 0            ; |ex9_top|bin2bcd_16:BIN2BCD|add3_ge5:A12 ; add3_ge5    ; work         ;
;       |add3_ge5:A13|       ; 4 (4)             ; 0 (0)        ; 0                 ; 0          ; 0    ; 0            ; |ex9_top|bin2bcd_16:BIN2BCD|add3_ge5:A13 ; add3_ge5    ; work         ;
;       |add3_ge5:A14|       ; 4 (4)             ; 0 (0)        ; 0                 ; 0          ; 0    ; 0            ; |ex9_top|bin2bcd_16:BIN2BCD|add3_ge5:A14 ; add3_ge5    ; work         ;
;       |add3_ge5:A15|       ; 4 (4)             ; 0 (0)        ; 0                 ; 0          ; 0    ; 0            ; |ex9_top|bin2bcd_16:BIN2BCD|add3_ge5:A15 ; add3_ge5    ; work         ;
;       |add3_ge5:A16|       ; 4 (4)             ; 0 (0)        ; 0                 ; 0          ; 0    ; 0            ; |ex9_top|bin2bcd_16:BIN2BCD|add3_ge5:A16 ; add3_ge5    ; work         ;
;       |add3_ge5:A17|       ; 4 (4)             ; 0 (0)        ; 0                 ; 0          ; 0    ; 0            ; |ex9_top|bin2bcd_16:BIN2BCD|add3_ge5:A17 ; add3_ge5    ; work         ;
;       |add3_ge5:A18|       ; 4 (4)             ; 0 (0)        ; 0                 ; 0          ; 0    ; 0            ; |ex9_top|bin2bcd_16:BIN2BCD|add3_ge5:A18 ; add3_ge5    ; work         ;
;       |add3_ge5:A19|       ; 1 (1)             ; 0 (0)        ; 0                 ; 0          ; 0    ; 0            ; |ex9_top|bin2bcd_16:BIN2BCD|add3_ge5:A19 ; add3_ge5    ; work         ;
;       |add3_ge5:A1|        ; 1 (1)             ; 0 (0)        ; 0                 ; 0          ; 0    ; 0            ; |ex9_top|bin2bcd_16:BIN2BCD|add3_ge5:A1  ; add3_ge5    ; work         ;
;       |add3_ge5:A20|       ; 4 (4)             ; 0 (0)        ; 0                 ; 0          ; 0    ; 0            ; |ex9_top|bin2bcd_16:BIN2BCD|add3_ge5:A20 ; add3_ge5    ; work         ;
;       |add3_ge5:A21|       ; 4 (4)             ; 0 (0)        ; 0                 ; 0          ; 0    ; 0            ; |ex9_top|bin2bcd_16:BIN2BCD|add3_ge5:A21 ; add3_ge5    ; work         ;
;       |add3_ge5:A22|       ; 4 (4)             ; 0 (0)        ; 0                 ; 0          ; 0    ; 0            ; |ex9_top|bin2bcd_16:BIN2BCD|add3_ge5:A22 ; add3_ge5    ; work         ;
;       |add3_ge5:A23|       ; 4 (4)             ; 0 (0)        ; 0                 ; 0          ; 0    ; 0            ; |ex9_top|bin2bcd_16:BIN2BCD|add3_ge5:A23 ; add3_ge5    ; work         ;
;       |add3_ge5:A24|       ; 4 (4)             ; 0 (0)        ; 0                 ; 0          ; 0    ; 0            ; |ex9_top|bin2bcd_16:BIN2BCD|add3_ge5:A24 ; add3_ge5    ; work         ;
;       |add3_ge5:A25|       ; 4 (4)             ; 0 (0)        ; 0                 ; 0          ; 0    ; 0            ; |ex9_top|bin2bcd_16:BIN2BCD|add3_ge5:A25 ; add3_ge5    ; work         ;
;       |add3_ge5:A26|       ; 4 (4)             ; 0 (0)        ; 0                 ; 0          ; 0    ; 0            ; |ex9_top|bin2bcd_16:BIN2BCD|add3_ge5:A26 ; add3_ge5    ; work         ;
;       |add3_ge5:A27|       ; 4 (4)             ; 0 (0)        ; 0                 ; 0          ; 0    ; 0            ; |ex9_top|bin2bcd_16:BIN2BCD|add3_ge5:A27 ; add3_ge5    ; work         ;
;       |add3_ge5:A28|       ; 4 (4)             ; 0 (0)        ; 0                 ; 0          ; 0    ; 0            ; |ex9_top|bin2bcd_16:BIN2BCD|add3_ge5:A28 ; add3_ge5    ; work         ;
;       |add3_ge5:A29|       ; 4 (4)             ; 0 (0)        ; 0                 ; 0          ; 0    ; 0            ; |ex9_top|bin2bcd_16:BIN2BCD|add3_ge5:A29 ; add3_ge5    ; work         ;
;       |add3_ge5:A2|        ; 4 (4)             ; 0 (0)        ; 0                 ; 0          ; 0    ; 0            ; |ex9_top|bin2bcd_16:BIN2BCD|add3_ge5:A2  ; add3_ge5    ; work         ;
;       |add3_ge5:A30|       ; 4 (4)             ; 0 (0)        ; 0                 ; 0          ; 0    ; 0            ; |ex9_top|bin2bcd_16:BIN2BCD|add3_ge5:A30 ; add3_ge5    ; work         ;
;       |add3_ge5:A32|       ; 4 (4)             ; 0 (0)        ; 0                 ; 0          ; 0    ; 0            ; |ex9_top|bin2bcd_16:BIN2BCD|add3_ge5:A32 ; add3_ge5    ; work         ;
;       |add3_ge5:A33|       ; 4 (4)             ; 0 (0)        ; 0                 ; 0          ; 0    ; 0            ; |ex9_top|bin2bcd_16:BIN2BCD|add3_ge5:A33 ; add3_ge5    ; work         ;
;       |add3_ge5:A34|       ; 4 (4)             ; 0 (0)        ; 0                 ; 0          ; 0    ; 0            ; |ex9_top|bin2bcd_16:BIN2BCD|add3_ge5:A34 ; add3_ge5    ; work         ;
;       |add3_ge5:A35|       ; 4 (4)             ; 0 (0)        ; 0                 ; 0          ; 0    ; 0            ; |ex9_top|bin2bcd_16:BIN2BCD|add3_ge5:A35 ; add3_ge5    ; work         ;
;       |add3_ge5:A3|        ; 4 (4)             ; 0 (0)        ; 0                 ; 0          ; 0    ; 0            ; |ex9_top|bin2bcd_16:BIN2BCD|add3_ge5:A3  ; add3_ge5    ; work         ;
;       |add3_ge5:A4|        ; 1 (1)             ; 0 (0)        ; 0                 ; 0          ; 0    ; 0            ; |ex9_top|bin2bcd_16:BIN2BCD|add3_ge5:A4  ; add3_ge5    ; work         ;
;       |add3_ge5:A5|        ; 4 (4)             ; 0 (0)        ; 0                 ; 0          ; 0    ; 0            ; |ex9_top|bin2bcd_16:BIN2BCD|add3_ge5:A5  ; add3_ge5    ; work         ;
;       |add3_ge5:A6|        ; 4 (4)             ; 0 (0)        ; 0                 ; 0          ; 0    ; 0            ; |ex9_top|bin2bcd_16:BIN2BCD|add3_ge5:A6  ; add3_ge5    ; work         ;
;       |add3_ge5:A7|        ; 4 (4)             ; 0 (0)        ; 0                 ; 0          ; 0    ; 0            ; |ex9_top|bin2bcd_16:BIN2BCD|add3_ge5:A7  ; add3_ge5    ; work         ;
;       |add3_ge5:A8|        ; 4 (4)             ; 0 (0)        ; 0                 ; 0          ; 0    ; 0            ; |ex9_top|bin2bcd_16:BIN2BCD|add3_ge5:A8  ; add3_ge5    ; work         ;
;       |add3_ge5:A9|        ; 4 (4)             ; 0 (0)        ; 0                 ; 0          ; 0    ; 0            ; |ex9_top|bin2bcd_16:BIN2BCD|add3_ge5:A9  ; add3_ge5    ; work         ;
;    |clkdiv_16:DIV0|        ; 21 (21)           ; 17 (17)      ; 0                 ; 0          ; 0    ; 0            ; |ex9_top|clkdiv_16:DIV0                  ; clkdiv_16   ; work         ;
;    |clktick_16:TICK0|      ; 20 (20)           ; 17 (17)      ; 0                 ; 0          ; 0    ; 0            ; |ex9_top|clktick_16:TICK0                ; clktick_16  ; work         ;
;    |counter_16:comb_6|     ; 17 (17)           ; 16 (16)      ; 0                 ; 0          ; 0    ; 0            ; |ex9_top|counter_16:comb_6               ; counter_16  ; work         ;
;    |delay:D0|              ; 23 (23)           ; 17 (17)      ; 0                 ; 0          ; 0    ; 0            ; |ex9_top|delay:D0                        ; delay       ; work         ;
;    |ex9_fsm:FSM|           ; 17 (17)           ; 13 (13)      ; 0                 ; 0          ; 0    ; 0            ; |ex9_top|ex9_fsm:FSM                     ; ex9_fsm     ; work         ;
;    |hex_to_7seg:SG0|       ; 7 (7)             ; 0 (0)        ; 0                 ; 0          ; 0    ; 0            ; |ex9_top|hex_to_7seg:SG0                 ; hex_to_7seg ; work         ;
;    |hex_to_7seg:SG1|       ; 7 (7)             ; 0 (0)        ; 0                 ; 0          ; 0    ; 0            ; |ex9_top|hex_to_7seg:SG1                 ; hex_to_7seg ; work         ;
;    |hex_to_7seg:SG2|       ; 7 (7)             ; 0 (0)        ; 0                 ; 0          ; 0    ; 0            ; |ex9_top|hex_to_7seg:SG2                 ; hex_to_7seg ; work         ;
;    |hex_to_7seg:SG3|       ; 7 (7)             ; 0 (0)        ; 0                 ; 0          ; 0    ; 0            ; |ex9_top|hex_to_7seg:SG3                 ; hex_to_7seg ; work         ;
;    |hex_to_7seg:SG4|       ; 13 (13)           ; 0 (0)        ; 0                 ; 0          ; 0    ; 0            ; |ex9_top|hex_to_7seg:SG4                 ; hex_to_7seg ; work         ;
+----------------------------+-------------------+--------------+-------------------+------------+------+--------------+------------------------------------------+-------------+--------------+
Note: For table entries with two numbers listed, the numbers in parentheses indicate the number of resources of the given type used by the specific entity alone. The numbers listed outside of parentheses indicate the total resources of the given type used by the specific entity and all of its sub-entities in the hierarchy.


+-----------------------------------------------+
; Analysis & Synthesis DSP Block Usage Summary  ;
+---------------------------------+-------------+
; Statistic                       ; Number Used ;
+---------------------------------+-------------+
; Independent 9x9                 ; 1           ;
; Total number of DSP blocks      ; 1           ;
;                                 ;             ;
; Fixed Point Unsigned Multiplier ; 1           ;
+---------------------------------+-------------+


Encoding Type:  One-Hot
+------------------------------------------------------------------------------------------------------------------------------------------------------------------------------------------------------------------------------+
; State Machine - |ex9_top|ex9_fsm:FSM|state                                                                                                                                                                                   ;
+---------------------+---------------------+---------------+--------------+--------------+--------------+--------------+--------------+--------------+--------------+--------------+--------------+--------------+------------+
; Name                ; state.WAIT_REACTION ; state.COUNT10 ; state.COUNT9 ; state.COUNT8 ; state.COUNT7 ; state.COUNT6 ; state.COUNT5 ; state.COUNT4 ; state.COUNT3 ; state.COUNT2 ; state.COUNT1 ; state.COUNT0 ; state.WAIT ;
+---------------------+---------------------+---------------+--------------+--------------+--------------+--------------+--------------+--------------+--------------+--------------+--------------+--------------+------------+
; state.WAIT          ; 0                   ; 0             ; 0            ; 0            ; 0            ; 0            ; 0            ; 0            ; 0            ; 0            ; 0            ; 0            ; 0          ;
; state.COUNT0        ; 0                   ; 0             ; 0            ; 0            ; 0            ; 0            ; 0            ; 0            ; 0            ; 0            ; 0            ; 1            ; 1          ;
; state.COUNT1        ; 0                   ; 0             ; 0            ; 0            ; 0            ; 0            ; 0            ; 0            ; 0            ; 0            ; 1            ; 0            ; 1          ;
; state.COUNT2        ; 0                   ; 0             ; 0            ; 0            ; 0            ; 0            ; 0            ; 0            ; 0            ; 1            ; 0            ; 0            ; 1          ;
; state.COUNT3        ; 0                   ; 0             ; 0            ; 0            ; 0            ; 0            ; 0            ; 0            ; 1            ; 0            ; 0            ; 0            ; 1          ;
; state.COUNT4        ; 0                   ; 0             ; 0            ; 0            ; 0            ; 0            ; 0            ; 1            ; 0            ; 0            ; 0            ; 0            ; 1          ;
; state.COUNT5        ; 0                   ; 0             ; 0            ; 0            ; 0            ; 0            ; 1            ; 0            ; 0            ; 0            ; 0            ; 0            ; 1          ;
; state.COUNT6        ; 0                   ; 0             ; 0            ; 0            ; 0            ; 1            ; 0            ; 0            ; 0            ; 0            ; 0            ; 0            ; 1          ;
; state.COUNT7        ; 0                   ; 0             ; 0            ; 0            ; 1            ; 0            ; 0            ; 0            ; 0            ; 0            ; 0            ; 0            ; 1          ;
; state.COUNT8        ; 0                   ; 0             ; 0            ; 1            ; 0            ; 0            ; 0            ; 0            ; 0            ; 0            ; 0            ; 0            ; 1          ;
; state.COUNT9        ; 0                   ; 0             ; 1            ; 0            ; 0            ; 0            ; 0            ; 0            ; 0            ; 0            ; 0            ; 0            ; 1          ;
; state.COUNT10       ; 0                   ; 1             ; 0            ; 0            ; 0            ; 0            ; 0            ; 0            ; 0            ; 0            ; 0            ; 0            ; 1          ;
; state.WAIT_REACTION ; 1                   ; 0             ; 0            ; 0            ; 0            ; 0            ; 0            ; 0            ; 0            ; 0            ; 0            ; 0            ; 1          ;
+---------------------+---------------------+---------------+--------------+--------------+--------------+--------------+--------------+--------------+--------------+--------------+--------------+--------------+------------+


+----------------------------------------------------------------------------------------------------+
; User-Specified and Inferred Latches                                                                ;
+----------------------------------------------------+----------------------+------------------------+
; Latch Name                                         ; Latch Enable Signal  ; Free of Timing Hazards ;
+----------------------------------------------------+----------------------+------------------------+
; ex9_fsm:FSM|reset_counter                          ; ex9_fsm:FSM|WideOr10 ; yes                    ;
; ex9_fsm:FSM|en_counter                             ; ex9_fsm:FSM|WideOr4  ; yes                    ;
; Number of user-specified and inferred latches = 2  ;                      ;                        ;
+----------------------------------------------------+----------------------+------------------------+
Note: All latches listed above may not be present at the end of synthesis due to various synthesis optimizations.


+------------------------------------------------------+
; General Register Statistics                          ;
+----------------------------------------------+-------+
; Statistic                                    ; Value ;
+----------------------------------------------+-------+
; Total registers                              ; 86    ;
; Number of registers using Synchronous Clear  ; 50    ;
; Number of registers using Synchronous Load   ; 0     ;
; Number of registers using Asynchronous Clear ; 0     ;
; Number of registers using Asynchronous Load  ; 0     ;
; Number of registers using Clock Enable       ; 46    ;
; Number of registers using Preset             ; 0     ;
+----------------------------------------------+-------+


+--------------------------------------------------+
; Inverted Register Statistics                     ;
+----------------------------------------+---------+
; Inverted Register                      ; Fan out ;
+----------------------------------------+---------+
; LFSR_6:LFSR|sreg[1]                    ; 3       ;
; Total number of inverted registers = 1 ;         ;
+----------------------------------------+---------+


+---------------------------------------------------------------------------------------------------------------------------------------------------+
; Multiplexer Restructuring Statistics (Restructuring Performed)                                                                                    ;
+--------------------+-----------+---------------+----------------------+------------------------+------------+-------------------------------------+
; Multiplexer Inputs ; Bus Width ; Baseline Area ; Area if Restructured ; Saving if Restructured ; Registered ; Example Multiplexer Output          ;
+--------------------+-----------+---------------+----------------------+------------------------+------------+-------------------------------------+
; 3:1                ; 16 bits   ; 32 LEs        ; 0 LEs                ; 32 LEs                 ; Yes        ; |ex9_top|counter_16:comb_6|count[8] ;
; 3:1                ; 16 bits   ; 32 LEs        ; 0 LEs                ; 32 LEs                 ; Yes        ; |ex9_top|delay:D0|count[8]          ;
; 8:1                ; 3 bits    ; 15 LEs        ; 9 LEs                ; 6 LEs                  ; No         ; |ex9_top|ex9_fsm:FSM|Selector2      ;
+--------------------+-----------+---------------+----------------------+------------------------+------------+-------------------------------------+


+-------------------------------------------------------------+
; Parameter Settings for User Entity Instance: clkdiv_16:DIV0 ;
+----------------+-------+------------------------------------+
; Parameter Name ; Value ; Type                               ;
+----------------+-------+------------------------------------+
; N_BIT          ; 16    ; Signed Integer                     ;
+----------------+-------+------------------------------------+
Note: In order to hide this table in the UI and the text report file, please set the "Show Parameter Settings in Synthesis Report" option in "Analysis and Synthesis Settings -> More Settings" to "Off".


+---------------------------------------------------------------+
; Parameter Settings for User Entity Instance: clktick_16:TICK0 ;
+----------------+-------+--------------------------------------+
; Parameter Name ; Value ; Type                                 ;
+----------------+-------+--------------------------------------+
; N_BIT          ; 16    ; Signed Integer                       ;
+----------------+-------+--------------------------------------+
Note: In order to hide this table in the UI and the text report file, please set the "Show Parameter Settings in Synthesis Report" option in "Analysis and Synthesis Settings -> More Settings" to "Off".


+----------------------------------------------------------+
; Parameter Settings for User Entity Instance: ex9_fsm:FSM ;
+----------------+---------------+-------------------------+
; Parameter Name ; Value         ; Type                    ;
+----------------+---------------+-------------------------+
; NSTATE         ; 13            ; Signed Integer          ;
; WAIT           ; 0000000000001 ; Unsigned Binary         ;
; COUNT0         ; 0000000000010 ; Unsigned Binary         ;
; COUNT1         ; 0000000000100 ; Unsigned Binary         ;
; COUNT2         ; 0000000001000 ; Unsigned Binary         ;
; COUNT3         ; 0000000010000 ; Unsigned Binary         ;
; COUNT4         ; 0000000100000 ; Unsigned Binary         ;
; COUNT5         ; 0000001000000 ; Unsigned Binary         ;
; COUNT6         ; 0000010000000 ; Unsigned Binary         ;
; COUNT7         ; 0000100000000 ; Unsigned Binary         ;
; COUNT8         ; 0001000000000 ; Unsigned Binary         ;
; COUNT9         ; 0010000000000 ; Unsigned Binary         ;
; COUNT10        ; 0100000000000 ; Unsigned Binary         ;
; WAIT_REACTION  ; 1000000000000 ; Unsigned Binary         ;
+----------------+---------------+-------------------------+
Note: In order to hide this table in the UI and the text report file, please set the "Show Parameter Settings in Synthesis Report" option in "Analysis and Synthesis Settings -> More Settings" to "Off".


+----------------------------------------------------------------+
; Parameter Settings for User Entity Instance: counter_16:comb_6 ;
+----------------+-------+---------------------------------------+
; Parameter Name ; Value ; Type                                  ;
+----------------+-------+---------------------------------------+
; BIT_SZ         ; 16    ; Signed Integer                        ;
+----------------+-------+---------------------------------------+
Note: In order to hide this table in the UI and the text report file, please set the "Show Parameter Settings in Synthesis Report" option in "Analysis and Synthesis Settings -> More Settings" to "Off".


+-----------------------------------------------------------------------------------------------------------------+
; Port Connectivity Checks: "bin2bcd_16:BIN2BCD|add3_ge5:A31"                                                     ;
+-------+--------+----------+-------------------------------------------------------------------------------------+
; Port  ; Type   ; Severity ; Details                                                                             ;
+-------+--------+----------+-------------------------------------------------------------------------------------+
; iW[3] ; Input  ; Info     ; Stuck at GND                                                                        ;
; oA[3] ; Output ; Info     ; Connected to dangling logic. Logic that only feeds a dangling port will be removed. ;
+-------+--------+----------+-------------------------------------------------------------------------------------+


+-------------------------------------------------------------+
; Port Connectivity Checks: "bin2bcd_16:BIN2BCD|add3_ge5:A19" ;
+-------+-------+----------+----------------------------------+
; Port  ; Type  ; Severity ; Details                          ;
+-------+-------+----------+----------------------------------+
; iW[3] ; Input ; Info     ; Stuck at GND                     ;
+-------+-------+----------+----------------------------------+


+-------------------------------------------------------------+
; Port Connectivity Checks: "bin2bcd_16:BIN2BCD|add3_ge5:A10" ;
+-------+-------+----------+----------------------------------+
; Port  ; Type  ; Severity ; Details                          ;
+-------+-------+----------+----------------------------------+
; iW[3] ; Input ; Info     ; Stuck at GND                     ;
+-------+-------+----------+----------------------------------+


+------------------------------------------------------------+
; Port Connectivity Checks: "bin2bcd_16:BIN2BCD|add3_ge5:A4" ;
+-------+-------+----------+---------------------------------+
; Port  ; Type  ; Severity ; Details                         ;
+-------+-------+----------+---------------------------------+
; iW[3] ; Input ; Info     ; Stuck at GND                    ;
+-------+-------+----------+---------------------------------+


+------------------------------------------------------------+
; Port Connectivity Checks: "bin2bcd_16:BIN2BCD|add3_ge5:A1" ;
+-------+-------+----------+---------------------------------+
; Port  ; Type  ; Severity ; Details                         ;
+-------+-------+----------+---------------------------------+
; iW[3] ; Input ; Info     ; Stuck at GND                    ;
+-------+-------+----------+---------------------------------+


+--------------------------------------------------------------------------------------------------------------------------------------------------------------------------------------------------------------------+
; Port Connectivity Checks: "delay:D0"                                                                                                                                                                               ;
+-----------+-------+----------+-------------------------------------------------------------------------------------------------------------------------------------------------------------------------------------+
; Port      ; Type  ; Severity ; Details                                                                                                                                                                             ;
+-----------+-------+----------+-------------------------------------------------------------------------------------------------------------------------------------------------------------------------------------+
; N         ; Input ; Warning  ; Input port expression (32 bits) is wider than the input port (16 bits) it drives.  The 16 most-significant bit(s) in the expression will be dangling if they have no other fanouts. ;
; N[15..14] ; Input ; Info     ; Stuck at GND                                                                                                                                                                        ;
+-----------+-------+----------+-------------------------------------------------------------------------------------------------------------------------------------------------------------------------------------+


+----------------------------------------------+
; Port Connectivity Checks: "clktick_16:TICK0" ;
+----------+-------+----------+----------------+
; Port     ; Type  ; Severity ; Details        ;
+----------+-------+----------+----------------+
; K[8..4]  ; Input ; Info     ; Stuck at VCC   ;
; K[15..9] ; Input ; Info     ; Stuck at GND   ;
; K[1..0]  ; Input ; Info     ; Stuck at GND   ;
; K[3]     ; Input ; Info     ; Stuck at GND   ;
; K[2]     ; Input ; Info     ; Stuck at VCC   ;
; en       ; Input ; Info     ; Stuck at VCC   ;
+----------+-------+----------+----------------+


+---------------------------------------------+
; Port Connectivity Checks: "clkdiv_16:DIV0"  ;
+-----------+-------+----------+--------------+
; Port      ; Type  ; Severity ; Details      ;
+-----------+-------+----------+--------------+
; K[15..14] ; Input ; Info     ; Stuck at VCC ;
; K[9..8]   ; Input ; Info     ; Stuck at VCC ;
; K[13..10] ; Input ; Info     ; Stuck at GND ;
; K[3..0]   ; Input ; Info     ; Stuck at GND ;
; K[7]      ; Input ; Info     ; Stuck at GND ;
; K[6]      ; Input ; Info     ; Stuck at VCC ;
; K[5]      ; Input ; Info     ; Stuck at GND ;
; K[4]      ; Input ; Info     ; Stuck at VCC ;
; en        ; Input ; Info     ; Stuck at VCC ;
+-----------+-------+----------+--------------+


+-----------------------------------------------------+
; Post-Synthesis Netlist Statistics for Top Partition ;
+-----------------------+-----------------------------+
; Type                  ; Count                       ;
+-----------------------+-----------------------------+
; arriav_ff             ; 86                          ;
;     ENA               ; 14                          ;
;     ENA SCLR          ; 32                          ;
;     SCLR              ; 18                          ;
;     plain             ; 22                          ;
; arriav_lcell_comb     ; 283                         ;
;     arith             ; 64                          ;
;         1 data inputs ; 64                          ;
;     normal            ; 219                         ;
;         1 data inputs ; 19                          ;
;         2 data inputs ; 3                           ;
;         3 data inputs ; 9                           ;
;         4 data inputs ; 152                         ;
;         5 data inputs ; 11                          ;
;         6 data inputs ; 25                          ;
; arriav_mac            ; 1                           ;
; boundary_port         ; 50                          ;
;                       ;                             ;
; Max LUT depth         ; 15.00                       ;
; Average LUT depth     ; 7.13                        ;
+-----------------------+-----------------------------+


+-------------------------------+
; Elapsed Time Per Partition    ;
+----------------+--------------+
; Partition Name ; Elapsed Time ;
+----------------+--------------+
; Top            ; 00:00:01     ;
+----------------+--------------+


+-------------------------------+
; Analysis & Synthesis Messages ;
+-------------------------------+
Info: *******************************************************************
Info: Running Quartus Prime Analysis & Synthesis
    Info: Version 16.0.0 Build 211 04/27/2016 SJ Standard Edition
    Info: Processing started: Mon Nov 27 15:33:10 2017
Info: Command: quartus_map --read_settings_files=on --write_settings_files=off ex9 -c ex9_top
Warning (18236): Number of processors has not been specified which may cause overloading on shared machines.  Set the global assignment NUM_PARALLEL_PROCESSORS in your QSF to an appropriate value for best performance.
Info (20030): Parallel compilation is enabled and will use 4 of the 4 processors detected
Info (12021): Found 1 design units, including 1 entities, in source file /veri/mylib/lfsr_7.v
    Info (12023): Found entity 1: LFSR_7 File: H:/VERI/mylib/LFSR_7.v Line: 3
Info (12021): Found 1 design units, including 1 entities, in source file /veri/mylib/lfsr_6.v
    Info (12023): Found entity 1: LFSR_6 File: H:/VERI/mylib/LFSR_6.v Line: 3
Info (12021): Found 1 design units, including 1 entities, in source file /veri/mylib/hex_to_7seg.v
    Info (12023): Found entity 1: hex_to_7seg File: H:/VERI/mylib/hex_to_7seg.v Line: 1
Info (12021): Found 1 design units, including 1 entities, in source file /veri/mylib/counter_16.v
    Info (12023): Found entity 1: counter_16 File: H:/VERI/mylib/counter_16.v Line: 3
Info (12021): Found 1 design units, including 1 entities, in source file /veri/mylib/clktick_16.v
    Info (12023): Found entity 1: clktick_16 File: H:/VERI/mylib/clktick_16.v Line: 3
Info (12021): Found 1 design units, including 1 entities, in source file /veri/mylib/clkdiv_16.v
    Info (12023): Found entity 1: clkdiv_16 File: H:/VERI/mylib/clkdiv_16.v Line: 4
Info (12021): Found 1 design units, including 1 entities, in source file /veri/mylib/bin2bcd_16.v
    Info (12023): Found entity 1: bin2bcd_16 File: H:/VERI/mylib/bin2bcd_16.v Line: 12
Info (12021): Found 1 design units, including 1 entities, in source file /veri/mylib/add3_ge5.v
    Info (12023): Found entity 1: add3_ge5 File: H:/VERI/mylib/add3_ge5.v Line: 9
Info (12021): Found 1 design units, including 1 entities, in source file ex9_top.v
    Info (12023): Found entity 1: ex9_top File: H:/VERI/PART2/ex9/ex9_top.v Line: 1
Info (12021): Found 1 design units, including 1 entities, in source file ex9_fsm.v
    Info (12023): Found entity 1: ex9_fsm File: H:/VERI/PART2/ex9/ex9_fsm.v Line: 1
Info (12021): Found 1 design units, including 1 entities, in source file delay.v
    Info (12023): Found entity 1: delay File: H:/VERI/PART2/ex9/delay.v Line: 1
Critical Warning (10846): Verilog HDL Instantiation warning at ex9_top.v(31): instance has no name File: H:/VERI/PART2/ex9/ex9_top.v Line: 31
Info (12127): Elaborating entity "ex9_top" for the top level hierarchy
Info (12128): Elaborating entity "clkdiv_16" for hierarchy "clkdiv_16:DIV0" File: H:/VERI/PART2/ex9/ex9_top.v Line: 24
Warning (10230): Verilog HDL assignment warning at clkdiv_16.v(33): truncated value with size 32 to match size of target (16) File: H:/VERI/mylib/clkdiv_16.v Line: 33
Info (12128): Elaborating entity "clktick_16" for hierarchy "clktick_16:TICK0" File: H:/VERI/PART2/ex9/ex9_top.v Line: 25
Warning (10230): Verilog HDL assignment warning at clktick_16.v(30): truncated value with size 32 to match size of target (16) File: H:/VERI/mylib/clktick_16.v Line: 30
Info (12128): Elaborating entity "LFSR_6" for hierarchy "LFSR_6:LFSR" File: H:/VERI/PART2/ex9/ex9_top.v Line: 26
Warning (10230): Verilog HDL assignment warning at LFSR_6.v(12): truncated value with size 7 to match size of target (6) File: H:/VERI/mylib/LFSR_6.v Line: 12
Info (12128): Elaborating entity "ex9_fsm" for hierarchy "ex9_fsm:FSM" File: H:/VERI/PART2/ex9/ex9_top.v Line: 28
Warning (10240): Verilog HDL Always Construct warning at ex9_fsm.v(66): inferring latch(es) for variable "en_counter", which holds its previous value in one or more paths through the always construct File: H:/VERI/PART2/ex9/ex9_fsm.v Line: 66
Warning (10240): Verilog HDL Always Construct warning at ex9_fsm.v(66): inferring latch(es) for variable "reset_counter", which holds its previous value in one or more paths through the always construct File: H:/VERI/PART2/ex9/ex9_fsm.v Line: 66
Info (10041): Inferred latch for "reset_counter" at ex9_fsm.v(66) File: H:/VERI/PART2/ex9/ex9_fsm.v Line: 66
Info (10041): Inferred latch for "en_counter" at ex9_fsm.v(66) File: H:/VERI/PART2/ex9/ex9_fsm.v Line: 66
Info (12128): Elaborating entity "delay" for hierarchy "delay:D0" File: H:/VERI/PART2/ex9/ex9_top.v Line: 30
Info (12128): Elaborating entity "counter_16" for hierarchy "counter_16:comb_6" File: H:/VERI/PART2/ex9/ex9_top.v Line: 31
Info (12128): Elaborating entity "bin2bcd_16" for hierarchy "bin2bcd_16:BIN2BCD" File: H:/VERI/PART2/ex9/ex9_top.v Line: 33
Info (12128): Elaborating entity "add3_ge5" for hierarchy "bin2bcd_16:BIN2BCD|add3_ge5:A1" File: H:/VERI/mylib/bin2bcd_16.v Line: 26
Info (12128): Elaborating entity "hex_to_7seg" for hierarchy "hex_to_7seg:SG0" File: H:/VERI/PART2/ex9/ex9_top.v Line: 34
Warning (12241): 1 hierarchies have connectivity warnings - see the Connectivity Checks report folder
Info (286030): Timing-Driven Synthesis is running
Info (144001): Generated suppressed messages file H:/VERI/PART2/ex9/output_files/ex9_top.map.smsg
Info (16010): Generating hard_block partition "hard_block:auto_generated_inst"
    Info (16011): Adding 0 node(s), including 0 DDIO, 0 PLL, 0 transceiver and 0 LCELL
Warning (21074): Design contains 2 input pin(s) that do not drive logic
    Warning (15610): No output dependent on input pin "KEY[1]" File: H:/VERI/PART2/ex9/ex9_top.v Line: 12
    Warning (15610): No output dependent on input pin "KEY[2]" File: H:/VERI/PART2/ex9/ex9_top.v Line: 12
Info (21057): Implemented 330 device resources after synthesis - the final resource count might be different
    Info (21058): Implemented 5 input pins
    Info (21059): Implemented 45 output pins
    Info (21061): Implemented 279 logic cells
    Info (21062): Implemented 1 DSP elements
Info: Quartus Prime Analysis & Synthesis was successful. 0 errors, 11 warnings
    Info: Peak virtual memory: 898 megabytes
    Info: Processing ended: Mon Nov 27 15:33:22 2017
    Info: Elapsed time: 00:00:12
    Info: Total CPU time (on all processors): 00:00:23


+------------------------------------------+
; Analysis & Synthesis Suppressed Messages ;
+------------------------------------------+
The suppressed messages can be found in H:/VERI/PART2/ex9/output_files/ex9_top.map.smsg.


